MPLINK 5.08, LINKER
Linker Map File - Created Mon Mar 26 02:25:59 2018

                                 Section Info
                  Section       Type    Address   Location Size(Bytes)
                ---------  ---------  ---------  ---------  ---------
                   .org_0       code   0x000000    program   0x000002
                   .cinit    romdata   0x000001    program   0x000004
                   .org_1       code   0x000005    program   0x0000de
.config_2007_BUILD/DEFAULT/PRODUCTION/LAB4.O       code   0x002007    program   0x000002



                              Program Memory Usage 
                               Start         End      
                           ---------   ---------      
                            0x000000    0x000002      
                            0x000005    0x000073      
                            0x002007    0x002007      
            115 out of 8454 program addresses used, program memory utilization is 1%



                              Symbols - Sorted by Name
                     Name    Address   Location    Storage File                     
                ---------  ---------  ---------  --------- ---------                
                     MAIN   0x000025    program     static C:\Users\Paul\Documents\School\uni year 4\ELG4159\ELG4159\labs\Lab4\Lab4.X\lab4.asm
                    START   0x000005    program     static C:\Users\Paul\Documents\School\uni year 4\ELG4159\ELG4159\labs\Lab4\Lab4.X\lab4.asm
               SampleTime   0x00006a    program     static C:\Users\Paul\Documents\School\uni year 4\ELG4159\ELG4159\labs\Lab4\Lab4.X\lab4.asm
                TERMINATE   0x000036    program     static C:\Users\Paul\Documents\School\uni year 4\ELG4159\ELG4159\labs\Lab4\Lab4.X\lab4.asm
               TimingLoop   0x000071    program     static C:\Users\Paul\Documents\School\uni year 4\ELG4159\ELG4159\labs\Lab4\Lab4.X\lab4.asm
         move_adc_to_temp   0x000037    program     static C:\Users\Paul\Documents\School\uni year 4\ELG4159\ELG4159\labs\Lab4\Lab4.X\lab4.asm
      move_temp_to_analog   0x000041    program     static C:\Users\Paul\Documents\School\uni year 4\ELG4159\ELG4159\labs\Lab4\Lab4.X\lab4.asm
   multiply_10_bit_by_7_1   0x00005b    program     static C:\Users\Paul\Documents\School\uni year 4\ELG4159\ELG4159\labs\Lab4\Lab4.X\lab4.asm
   multiply_10_bit_by_7_2   0x000061    program     static C:\Users\Paul\Documents\School\uni year 4\ELG4159\ELG4159\labs\Lab4\Lab4.X\lab4.asm
       right_shift_10_bit   0x000052    program     static C:\Users\Paul\Documents\School\uni year 4\ELG4159\ELG4159\labs\Lab4\Lab4.X\lab4.asm



                              Symbols - Sorted by Address
                     Name    Address   Location    Storage File                     
                ---------  ---------  ---------  --------- ---------                
                    START   0x000005    program     static C:\Users\Paul\Documents\School\uni year 4\ELG4159\ELG4159\labs\Lab4\Lab4.X\lab4.asm
                     MAIN   0x000025    program     static C:\Users\Paul\Documents\School\uni year 4\ELG4159\ELG4159\labs\Lab4\Lab4.X\lab4.asm
                TERMINATE   0x000036    program     static C:\Users\Paul\Documents\School\uni year 4\ELG4159\ELG4159\labs\Lab4\Lab4.X\lab4.asm
         move_adc_to_temp   0x000037    program     static C:\Users\Paul\Documents\School\uni year 4\ELG4159\ELG4159\labs\Lab4\Lab4.X\lab4.asm
      move_temp_to_analog   0x000041    program     static C:\Users\Paul\Documents\School\uni year 4\ELG4159\ELG4159\labs\Lab4\Lab4.X\lab4.asm
       right_shift_10_bit   0x000052    program     static C:\Users\Paul\Documents\School\uni year 4\ELG4159\ELG4159\labs\Lab4\Lab4.X\lab4.asm
   multiply_10_bit_by_7_1   0x00005b    program     static C:\Users\Paul\Documents\School\uni year 4\ELG4159\ELG4159\labs\Lab4\Lab4.X\lab4.asm
   multiply_10_bit_by_7_2   0x000061    program     static C:\Users\Paul\Documents\School\uni year 4\ELG4159\ELG4159\labs\Lab4\Lab4.X\lab4.asm
               SampleTime   0x00006a    program     static C:\Users\Paul\Documents\School\uni year 4\ELG4159\ELG4159\labs\Lab4\Lab4.X\lab4.asm
               TimingLoop   0x000071    program     static C:\Users\Paul\Documents\School\uni year 4\ELG4159\ELG4159\labs\Lab4\Lab4.X\lab4.asm


