MPLINK 5.08, LINKER
Linker Map File - Created Thu Feb 01 23:44:08 2018

                                 Section Info
                  Section       Type    Address   Location Size(Bytes)
                ---------  ---------  ---------  ---------  ---------
                   .org_0       code   0x000000    program   0x000002
                   .cinit    romdata   0x000001    program   0x000004
                   .org_1       code   0x000005    program   0x000030



                              Program Memory Usage 
                               Start         End      
                           ---------   ---------      
                            0x000000    0x000002      
                            0x000005    0x00001c      
            27 out of 8454 program addresses used, program memory utilization is 0%



                              Symbols - Sorted by Name
                     Name    Address   Location    Storage File                     
                ---------  ---------  ---------  --------- ---------                
                     MAIN   0x00000e    program     static C:\Users\Paul\Documents\School\uni year 4\ELG4159\ELG4159\practice_problems\ELG_4159_Practice_8.X\practice_8.asm
                    START   0x000005    program     static C:\Users\Paul\Documents\School\uni year 4\ELG4159\ELG4159\practice_problems\ELG_4159_Practice_8.X\practice_8.asm
                TERMINATE   0x00001c    program     static C:\Users\Paul\Documents\School\uni year 4\ELG4159\ELG4159\practice_problems\ELG_4159_Practice_8.X\practice_8.asm



                              Symbols - Sorted by Address
                     Name    Address   Location    Storage File                     
                ---------  ---------  ---------  --------- ---------                
                    START   0x000005    program     static C:\Users\Paul\Documents\School\uni year 4\ELG4159\ELG4159\practice_problems\ELG_4159_Practice_8.X\practice_8.asm
                     MAIN   0x00000e    program     static C:\Users\Paul\Documents\School\uni year 4\ELG4159\ELG4159\practice_problems\ELG_4159_Practice_8.X\practice_8.asm
                TERMINATE   0x00001c    program     static C:\Users\Paul\Documents\School\uni year 4\ELG4159\ELG4159\practice_problems\ELG_4159_Practice_8.X\practice_8.asm


