MPLINK 5.08, LINKER
Linker Map File - Created Mon Mar 12 17:26:07 2018

                                 Section Info
                  Section       Type    Address   Location Size(Bytes)
                ---------  ---------  ---------  ---------  ---------
                   .org_0       code   0x000000    program   0x000002
                   .cinit    romdata   0x000001    program   0x000004
                   .org_1       code   0x000005    program   0x00009e
.config_2007_BUILD/DEFAULT/PRODUCTION/POT_SWI       code   0x002007    program   0x000002



                              Program Memory Usage 
                               Start         End      
                           ---------   ---------      
                            0x000000    0x000002      
                            0x000005    0x000053      
                            0x002007    0x002007      
            83 out of 8454 program addresses used, program memory utilization is 0%



                              Symbols - Sorted by Name
                     Name    Address   Location    Storage File                     
                ---------  ---------  ---------  --------- ---------                
                  DELAY_T   0x00004b    program     static C:\Users\Paul\Documents\School\uni year 4\ELG4159\ELG4159\labs\Lab3\Lab_3.X\pot_switch.asm
                     LOOP   0x000025    program     static C:\Users\Paul\Documents\School\uni year 4\ELG4159\ELG4159\labs\Lab3\Lab_3.X\pot_switch.asm
             PROCESS_DATA   0x000038    program     static C:\Users\Paul\Documents\School\uni year 4\ELG4159\ELG4159\labs\Lab3\Lab_3.X\pot_switch.asm
                    START   0x000005    program     static C:\Users\Paul\Documents\School\uni year 4\ELG4159\ELG4159\labs\Lab3\Lab_3.X\pot_switch.asm
               SampleTime   0x000044    program     static C:\Users\Paul\Documents\School\uni year 4\ELG4159\ELG4159\labs\Lab3\Lab_3.X\pot_switch.asm
                TERMINATE   0x000029    program     static C:\Users\Paul\Documents\School\uni year 4\ELG4159\ELG4159\labs\Lab3\Lab_3.X\pot_switch.asm
               TOGGLE_POT   0x00002a    program     static C:\Users\Paul\Documents\School\uni year 4\ELG4159\ELG4159\labs\Lab3\Lab_3.X\pot_switch.asm
               TimingLoop   0x000051    program     static C:\Users\Paul\Documents\School\uni year 4\ELG4159\ELG4159\labs\Lab3\Lab_3.X\pot_switch.asm



                              Symbols - Sorted by Address
                     Name    Address   Location    Storage File                     
                ---------  ---------  ---------  --------- ---------                
                    START   0x000005    program     static C:\Users\Paul\Documents\School\uni year 4\ELG4159\ELG4159\labs\Lab3\Lab_3.X\pot_switch.asm
                     LOOP   0x000025    program     static C:\Users\Paul\Documents\School\uni year 4\ELG4159\ELG4159\labs\Lab3\Lab_3.X\pot_switch.asm
                TERMINATE   0x000029    program     static C:\Users\Paul\Documents\School\uni year 4\ELG4159\ELG4159\labs\Lab3\Lab_3.X\pot_switch.asm
               TOGGLE_POT   0x00002a    program     static C:\Users\Paul\Documents\School\uni year 4\ELG4159\ELG4159\labs\Lab3\Lab_3.X\pot_switch.asm
             PROCESS_DATA   0x000038    program     static C:\Users\Paul\Documents\School\uni year 4\ELG4159\ELG4159\labs\Lab3\Lab_3.X\pot_switch.asm
               SampleTime   0x000044    program     static C:\Users\Paul\Documents\School\uni year 4\ELG4159\ELG4159\labs\Lab3\Lab_3.X\pot_switch.asm
                  DELAY_T   0x00004b    program     static C:\Users\Paul\Documents\School\uni year 4\ELG4159\ELG4159\labs\Lab3\Lab_3.X\pot_switch.asm
               TimingLoop   0x000051    program     static C:\Users\Paul\Documents\School\uni year 4\ELG4159\ELG4159\labs\Lab3\Lab_3.X\pot_switch.asm


