MPLINK 5.08, LINKER
Linker Map File - Created Mon Jan 29 17:40:00 2018

                                 Section Info
                  Section       Type    Address   Location Size(Bytes)
                ---------  ---------  ---------  ---------  ---------
                   .org_0       code   0x000000    program   0x000002
                   .cinit    romdata   0x000001    program   0x000004
                   .org_1       code   0x000005    program   0x00005e
.config_2007_BUILD/DEFAULT/PRODUCTION/_EXT/30       code   0x002007    program   0x000002



                              Program Memory Usage 
                               Start         End      
                           ---------   ---------      
                            0x000000    0x000002      
                            0x000005    0x000033      
                            0x002007    0x002007      
            51 out of 8454 program addresses used, program memory utilization is 0%



                              Symbols - Sorted by Name
                     Name    Address   Location    Storage File                     
                ---------  ---------  ---------  --------- ---------                
        DebounceState2SW2   0x000026    program     static ..\Code-template-forstudents\Code-template-forstudents\WaterLevelController.asm
        DebounceState2SW3   0x00002f    program     static ..\Code-template-forstudents\Code-template-forstudents\WaterLevelController.asm
         DebounceStateSW2   0x000022    program     static ..\Code-template-forstudents\Code-template-forstudents\WaterLevelController.asm
         DebounceStateSW3   0x00002b    program     static ..\Code-template-forstudents\Code-template-forstudents\WaterLevelController.asm
               Initialize   0x000005    program     static ..\Code-template-forstudents\Code-template-forstudents\WaterLevelController.asm
                     Main   0x000010    program     static ..\Code-template-forstudents\Code-template-forstudents\WaterLevelController.asm



                              Symbols - Sorted by Address
                     Name    Address   Location    Storage File                     
                ---------  ---------  ---------  --------- ---------                
               Initialize   0x000005    program     static ..\Code-template-forstudents\Code-template-forstudents\WaterLevelController.asm
                     Main   0x000010    program     static ..\Code-template-forstudents\Code-template-forstudents\WaterLevelController.asm
         DebounceStateSW2   0x000022    program     static ..\Code-template-forstudents\Code-template-forstudents\WaterLevelController.asm
        DebounceState2SW2   0x000026    program     static ..\Code-template-forstudents\Code-template-forstudents\WaterLevelController.asm
         DebounceStateSW3   0x00002b    program     static ..\Code-template-forstudents\Code-template-forstudents\WaterLevelController.asm
        DebounceState2SW3   0x00002f    program     static ..\Code-template-forstudents\Code-template-forstudents\WaterLevelController.asm


