MPLINK 5.08, LINKER
Linker Map File - Created Mon Mar 12 16:03:33 2018

                                 Section Info
                  Section       Type    Address   Location Size(Bytes)
                ---------  ---------  ---------  ---------  ---------
                   .org_0       code   0x000000    program   0x000002
                   .cinit    romdata   0x000001    program   0x000004
                   .org_1       code   0x000005    program   0x000032
.config_2007_BUILD/DEFAULT/PRODUCTION/BLINK.O       code   0x002007    program   0x000002



                              Program Memory Usage 
                               Start         End      
                           ---------   ---------      
                            0x000000    0x000002      
                            0x000005    0x00001d      
                            0x002007    0x002007      
            29 out of 8454 program addresses used, program memory utilization is 0%



                              Symbols - Sorted by Name
                     Name    Address   Location    Storage File                     
                ---------  ---------  ---------  --------- ---------                
               initialize   0x000005    program     static C:\Users\Paul\Documents\School\uni year 4\ELG4159\ELG4159\labs\Lab2\blink.X\blink.asm
                     main   0x000012    program     static C:\Users\Paul\Documents\School\uni year 4\ELG4159\ELG4159\labs\Lab2\blink.X\blink.asm
                   toggle   0x00001b    program     static C:\Users\Paul\Documents\School\uni year 4\ELG4159\ELG4159\labs\Lab2\blink.X\blink.asm
                    waitm   0x000018    program     static C:\Users\Paul\Documents\School\uni year 4\ELG4159\ELG4159\labs\Lab2\blink.X\blink.asm



                              Symbols - Sorted by Address
                     Name    Address   Location    Storage File                     
                ---------  ---------  ---------  --------- ---------                
               initialize   0x000005    program     static C:\Users\Paul\Documents\School\uni year 4\ELG4159\ELG4159\labs\Lab2\blink.X\blink.asm
                     main   0x000012    program     static C:\Users\Paul\Documents\School\uni year 4\ELG4159\ELG4159\labs\Lab2\blink.X\blink.asm
                    waitm   0x000018    program     static C:\Users\Paul\Documents\School\uni year 4\ELG4159\ELG4159\labs\Lab2\blink.X\blink.asm
                   toggle   0x00001b    program     static C:\Users\Paul\Documents\School\uni year 4\ELG4159\ELG4159\labs\Lab2\blink.X\blink.asm


