MPLINK 5.08, LINKER
Linker Map File - Created Mon Feb 12 15:04:11 2018

                                 Section Info
                  Section       Type    Address   Location Size(Bytes)
                ---------  ---------  ---------  ---------  ---------
                   .org_0       code   0x000000    program   0x000002
                   .cinit    romdata   0x000001    program   0x000004
                   .org_1       code   0x000005    program   0x000034



                              Program Memory Usage 
                               Start         End      
                           ---------   ---------      
                            0x000000    0x000002      
                            0x000005    0x00001e      
            29 out of 8454 program addresses used, program memory utilization is 0%



                              Symbols - Sorted by Name
                     Name    Address   Location    Storage File                     
                ---------  ---------  ---------  --------- ---------                
               initialize   0x000005    program     static ..\square_signal_generator.asm
                     main   0x000014    program     static ..\square_signal_generator.asm
                terminate   0x000018    program     static ..\square_signal_generator.asm
                   toggle   0x00001c    program     static ..\square_signal_generator.asm
                     wait   0x000019    program     static ..\square_signal_generator.asm



                              Symbols - Sorted by Address
                     Name    Address   Location    Storage File                     
                ---------  ---------  ---------  --------- ---------                
               initialize   0x000005    program     static ..\square_signal_generator.asm
                     main   0x000014    program     static ..\square_signal_generator.asm
                terminate   0x000018    program     static ..\square_signal_generator.asm
                     wait   0x000019    program     static ..\square_signal_generator.asm
                   toggle   0x00001c    program     static ..\square_signal_generator.asm


