MPLINK 5.08, LINKER
Linker Map File - Created Mon Feb 12 19:01:57 2018

                                 Section Info
                  Section       Type    Address   Location Size(Bytes)
                ---------  ---------  ---------  ---------  ---------
                   .org_0       code   0x000000    program   0x000002
                   .cinit    romdata   0x000001    program   0x000004
                   .org_1       code   0x000005    program   0x000032



                              Program Memory Usage 
                               Start         End      
                           ---------   ---------      
                            0x000000    0x000002      
                            0x000005    0x00001d      
            28 out of 8454 program addresses used, program memory utilization is 0%



                              Symbols - Sorted by Name
                     Name    Address   Location    Storage File                     
                ---------  ---------  ---------  --------- ---------                
               initialize   0x000005    program     static C:\Users\Paul\Documents\School\uni year 4\ELG4159\ELG4159\labs\Lab2\lab2.X\newpic_8b_simple.asm
                     main   0x000013    program     static C:\Users\Paul\Documents\School\uni year 4\ELG4159\ELG4159\labs\Lab2\lab2.X\newpic_8b_simple.asm
                terminate   0x000017    program     static C:\Users\Paul\Documents\School\uni year 4\ELG4159\ELG4159\labs\Lab2\lab2.X\newpic_8b_simple.asm
                   toggle   0x00001b    program     static C:\Users\Paul\Documents\School\uni year 4\ELG4159\ELG4159\labs\Lab2\lab2.X\newpic_8b_simple.asm
                   wait_m   0x000018    program     static C:\Users\Paul\Documents\School\uni year 4\ELG4159\ELG4159\labs\Lab2\lab2.X\newpic_8b_simple.asm



                              Symbols - Sorted by Address
                     Name    Address   Location    Storage File                     
                ---------  ---------  ---------  --------- ---------                
               initialize   0x000005    program     static C:\Users\Paul\Documents\School\uni year 4\ELG4159\ELG4159\labs\Lab2\lab2.X\newpic_8b_simple.asm
                     main   0x000013    program     static C:\Users\Paul\Documents\School\uni year 4\ELG4159\ELG4159\labs\Lab2\lab2.X\newpic_8b_simple.asm
                terminate   0x000017    program     static C:\Users\Paul\Documents\School\uni year 4\ELG4159\ELG4159\labs\Lab2\lab2.X\newpic_8b_simple.asm
                   wait_m   0x000018    program     static C:\Users\Paul\Documents\School\uni year 4\ELG4159\ELG4159\labs\Lab2\lab2.X\newpic_8b_simple.asm
                   toggle   0x00001b    program     static C:\Users\Paul\Documents\School\uni year 4\ELG4159\ELG4159\labs\Lab2\lab2.X\newpic_8b_simple.asm


